-------------------------------------
Translated Report (Full Report Below)
-------------------------------------
Process:             BerryShot [1286]
Path:                /Applications/BerryShot.app/Contents/MacOS/BerryShot
Identifier:          com.tan.berryshot
Version:             1.1.1 (2)
Code Type:           ARM-64 (Native)
Role:                Default
Parent Process:      launchd [1]
Coalition:           com.tan.berryshot [1098]
User ID:             501

Date/Time:           2026-06-19 07:42:01.6077 -0700
Launch Time:         2026-06-19 07:42:01.2836 -0700
Hardware Model:      VirtualMac2,1
OS Version:          macOS 26.5.1 (25F80)
Release Type:        User

Crash Reporter Key:  0CE08C8F-1ED7-456E-BDBD-4C5F1F3D15D9
Incident Identifier: 7BB2CB36-2F58-4D42-ACE8-AF7E96F98947

Time Awake Since Boot: 2900 seconds

System Integrity Protection: enabled

Triggered by Thread: 0, Dispatch Queue: com.apple.main-thread

Exception Type:    EXC_BREAKPOINT (SIGTRAP)
Exception Codes:   0x0000000000000001, 0x00000001940e4cc8

Termination Reason:  Namespace SIGNAL, Code 5, Trace/BPT trap: 5
Terminating Process: exc handler [1286]


Thread 0 Crashed::  Dispatch queue: com.apple.main-thread
0   libswiftCore.dylib            	       0x1940e4cc8 _assertionFailure(_:_:file:line:flags:) + 172
1   BerryShot                     	       0x104f832f8 closure #1 in variable initialization expression of static NSBundle.module + 612
2   BerryShot                     	       0x104f83084 one-time initialization function for module + 12
3   libdispatch.dylib             	       0x1807244b0 _dispatch_client_callout + 16
4   libdispatch.dylib             	       0x18070d630 _dispatch_once_callout + 32
5   BerryShot                     	       0x104ed4474 specialized MenuBarIconView.loadMenuBarIcon() + 1312
6   BerryShot                     	       0x104ed2cd8 MenuBarIconView.body.getter + 28
7   SwiftUICore                   	       0x22d8a8aa8 closure #1 in ViewBodyAccessor.updateBody(of:changed:) + 1152
8   SwiftUICore                   	       0x22d8a85f0 ViewBodyAccessor.updateBody(of:changed:) + 348
9   SwiftUICore                   	       0x22d8a8c00 protocol witness for BodyAccessor.updateBody(of:changed:) in conformance ViewBodyAccessor<A> + 16
10  SwiftUICore                   	       0x22da03bf8 closure #1 in StaticBody.updateValue() + 500
11  SwiftUICore                   	       0x22da03640 StaticBody.updateValue() + 836
12  SwiftUICore                   	       0x22d70ead8 partial apply for implicit closure #1 in closure #1 in closure #1 in Attribute.init<A>(_:) + 32
13  AttributeGraph                	       0x1b6d3a384 AG::Graph::UpdateStack::update() + 496
14  AttributeGraph                	       0x1b6d3aaec AG::Graph::update_attribute(AG::data::ptr<AG::Node>, unsigned int) + 352
15  AttributeGraph                	       0x1b6d4286c AG::Graph::input_value_ref_slow(AG::data::ptr<AG::Node>, AG::AttributeID, unsigned int, unsigned int, AGSwiftMetadata const*, unsigned char&, long) + 680
16  AttributeGraph                	       0x1b6d5ac94 AGGraphGetValue + 232
17  SwiftUICore                   	       0x22df56200 DynamicViewList.updateValue() + 576
18  SwiftUICore                   	       0x22d70ead8 partial apply for implicit closure #1 in closure #1 in closure #1 in Attribute.init<A>(_:) + 32
19  AttributeGraph                	       0x1b6d3a384 AG::Graph::UpdateStack::update() + 496
20  AttributeGraph                	       0x1b6d3aaec AG::Graph::update_attribute(AG::data::ptr<AG::Node>, unsigned int) + 352
21  AttributeGraph                	       0x1b6d4286c AG::Graph::input_value_ref_slow(AG::data::ptr<AG::Node>, AG::AttributeID, unsigned int, unsigned int, AGSwiftMetadata const*, unsigned char&, long) + 680
22  AttributeGraph                	       0x1b6d5ac94 AGGraphGetValue + 232
23  SwiftUICore                   	       0x22dda03b0 specialized DynamicContainerInfo.updateItems(disableTransitions:) + 96
24  SwiftUICore                   	       0x22dd9f20c specialized DynamicContainerInfo.updateValue() + 452
25  SwiftUICore                   	       0x22ddced3c specialized implicit closure #1 in closure #1 in closure #1 in Attribute.init<A>(_:) + 24
26  AttributeGraph                	       0x1b6d3a384 AG::Graph::UpdateStack::update() + 496
27  AttributeGraph                	       0x1b6d3aaec AG::Graph::update_attribute(AG::data::ptr<AG::Node>, unsigned int) + 352
28  AttributeGraph                	       0x1b6d4286c AG::Graph::input_value_ref_slow(AG::data::ptr<AG::Node>, AG::AttributeID, unsigned int, unsigned int, AGSwiftMetadata const*, unsigned char&, long) + 680
29  AttributeGraph                	       0x1b6d5ac94 AGGraphGetValue + 232
30  SwiftUICore                   	       0x22da9fd88 DynamicPreferenceCombiner.info.getter + 92
31  SwiftUICore                   	       0x22da9fed0 DynamicPreferenceCombiner.value.getter + 220
32  SwiftUICore                   	       0x22daaf798 implicit closure #1 in closure #1 in closure #1 in Attribute.init<A>(_:) + 324
33  AttributeGraph                	       0x1b6d3a384 AG::Graph::UpdateStack::update() + 496
34  AttributeGraph                	       0x1b6d3aaec AG::Graph::update_attribute(AG::data::ptr<AG::Node>, unsigned int) + 352
35  AttributeGraph                	       0x1b6d41f08 AG::Graph::value_ref(AG::AttributeID, unsigned int, AGSwiftMetadata const*, unsigned char&) + 296
36  AttributeGraph                	       0x1b6d5b000 AGGraphGetWeakValue + 372
37  SwiftUI                       	       0x1b64ecccc PlatformItemListViewGraph.readAndUpdate(graph:) + 180
38  SwiftUI                       	       0x1b64ed390 closure #1 in ViewRendererHost.platformItemList.getter + 88
39  SwiftUICore                   	       0x22e1f4650 closure #1 in ViewRendererHost.updateViewGraph<A>(body:) + 108
40  SwiftUICore                   	       0x22e1f24f8 ViewRendererHost.updateViewGraph<A>(body:) + 96
41  SwiftUI                       	       0x1b5cb973c MenuBarExtraController.init(id:configuration:) + 1548
42  SwiftUI                       	       0x1b5cb7cf0 AppMenuBarExtrasController.makeMenuBarExtras(namespace:) + 824
43  SwiftUI                       	       0x1b66d8fbc AppDelegate.applicationDidFinishLaunching(_:) + 760
44  SwiftUI                       	       0x1b66da80c @objc AppDelegate.applicationWillFinishLaunching(_:) + 192
45  CoreFoundation                	       0x1809779bc __CFNOTIFICATIONCENTER_IS_CALLING_OUT_TO_AN_OBSERVER__ + 148
46  CoreFoundation                	       0x180a0408c ___CFXRegistrationPost_block_invoke + 92
47  CoreFoundation                	       0x180a03fd0 _CFXRegistrationPost + 440
48  CoreFoundation                	       0x1809463d0 _CFXNotificationPost + 740
49  Foundation                    	       0x18217b4a4 -[NSNotificationCenter postNotificationName:object:userInfo:] + 88
50  AppKit                        	       0x184db85e8 -[NSApplication _postDidFinishNotification] + 308
51  AppKit                        	       0x184db8380 -[NSApplication _sendFinishLaunchingNotification] + 172
52  AppKit                        	       0x184db69c4 -[NSApplication(NSAppleEventHandling) _handleAEOpenEvent:] + 488
53  AppKit                        	       0x184db65d8 -[NSApplication(NSAppleEventHandling) _handleCoreEvent:withReplyEvent:] + 488
54  Foundation                    	       0x1821a3fbc -[NSAppleEventManager dispatchRawAppleEvent:withRawReply:handlerRefCon:] + 316
55  Foundation                    	       0x1821a3db4 _NSAppleEventManagerGenericHandler + 80
56  AE                            	       0x188bb3f34 0x188ba9000 + 44852
57  AE                            	       0x188bb388c 0x188ba9000 + 43148
58  AE                            	       0x188bacfb8 aeProcessAppleEvent + 484
59  HIToolbox                     	       0x18d6c0344 AEProcessAppleEvent + 68
60  AppKit                        	       0x184db0348 _DPSNextEvent + 1284
61  AppKit                        	       0x1859458b0 -[NSApplication(NSEventRouting) _nextEventMatchingEventMask:untilDate:inMode:dequeue:] + 688
62  AppKit                        	       0x1859455bc -[NSApplication(NSEventRouting) nextEventMatchingMask:untilDate:inMode:dequeue:] + 72
63  AppKit                        	       0x184da313c -[NSApplication run] + 368
64  AppKit                        	       0x184d7b7b0 NSApplicationMain + 880
65  SwiftUI                       	       0x1b56ee47c specialized runApp(_:) + 140
66  SwiftUI                       	       0x1b5aa44a4 runApp<A>(_:) + 104
67  SwiftUI                       	       0x1b5d70344 static App.main() + 224
68  BerryShot                     	       0x104ed3388 BerryShot_main + 64
69  dyld                          	       0x180507e00 start + 6992

Thread 1:

Thread 2:

Thread 3:

Thread 4:: com.apple.NSEventThread
0   libsystem_kernel.dylib        	       0x180881c34 mach_msg2_trap + 8
1   libsystem_kernel.dylib        	       0x180894574 mach_msg2_internal + 76
2   libsystem_kernel.dylib        	       0x18088a9c0 mach_msg_overwrite + 480
3   libsystem_kernel.dylib        	       0x180881fc0 mach_msg + 24
4   CoreFoundation                	       0x1809830d8 __CFRunLoopServiceMachPort + 160
5   CoreFoundation                	       0x1809819c4 __CFRunLoopRun + 1188
6   CoreFoundation                	       0x180a541c4 _CFRunLoopRunSpecificWithOptions + 532
7   AppKit                        	       0x184ed1c7c _NSEventThread + 184
8   libsystem_pthread.dylib       	       0x1808c5c58 _pthread_start + 136
9   libsystem_pthread.dylib       	       0x1808c0c1c thread_start + 8


Thread 0 crashed with ARM Thread State (64-bit):
    x0: 0x0000000a40db9048   x1: 0x0000000200000003   x2: 0x0000000000000000   x3: 0x000000000000000a
    x4: 0x00000004fe03c080   x5: 0x0000000000000013   x6: 0x0000000000000020   x7: 0xfffff0003ffff800
    x8: 0xfffffffe00000000   x9: 0x0000000000000000  x10: 0x021080010586c380  x11: 0x0010000000000000
   x12: 0x0003d01a800007ff  x13: 0x0003c01a80424400  x14: 0x0000000000000010  x15: 0x000000000000003d
   x16: 0x0000000200000003  x17: 0x0000000000000003  x18: 0x0000000000000000  x19: 0x4000000a40c7dd60
   x20: 0x000000016af578c0  x21: 0xc000000000000036  x22: 0x95657670fe3896dd  x23: 0x0000000104f8b0d0
   x24: 0xd000000000000057  x25: 0x0000000104fd7000  x26: 0x0000000104fd7000  x27: 0x0000000104fd7000
   x28: 0x0000000104fcbcc0   fp: 0x000000016af57880   lr: 0x00000001940e4cc8
    sp: 0x000000016af57800   pc: 0x00000001940e4cc8 cpsr: 0x60001000
   far: 0x0000000000000000  esr: 0xf2000001 (Breakpoint) brk 1

Binary Images:
       0x104ea4000 -        0x104fc7fff com.tan.berryshot (1.1.1) <2ec51743-9c4d-3f61-9bac-1f9c86c803c0> /Applications/BerryShot.app/Contents/MacOS/BerryShot
       0x1055d0000 -        0x1055dbfff libobjc-trampolines.dylib (*) <ca58aa96-b997-3a6d-9132-19d49be4b3e9> /usr/lib/libobjc-trampolines.dylib
       0x1175e0000 -        0x117637fff com.apple.driver.AppleParavirtGPUMetalIOGPUFamily (64.4.7) <029d18f4-a75c-3369-8f5e-65679bf917b7> /System/Library/Extensions/AppleParavirtGPUMetalIOGPUFamily.bundle/Contents/MacOS/AppleParavirtGPUMetalIOGPUFamily
       0x193f84000 -        0x1945257bf libswiftCore.dylib (*) <7669d858-d332-36c7-9c6c-4564ffbea8d2> /usr/lib/swift/libswiftCore.dylib
       0x180709000 -        0x18075023f libdispatch.dylib (*) <f071efe4-299f-3089-acc4-0025b8ffb52a> /usr/lib/system/libdispatch.dylib
       0x22d4bf000 -        0x22e41b91f com.apple.SwiftUICore (7.5.3) <a8fc6d2d-dfe9-3557-a734-7f2b231f8c97> /System/Library/Frameworks/SwiftUICore.framework/Versions/A/SwiftUICore
       0x1b6d2d000 -        0x1b6d720ff com.apple.AttributeGraph (7.0.80) <99647a0f-5b58-3e14-b260-9a6f14ad5fc0> /System/Library/PrivateFrameworks/AttributeGraph.framework/Versions/A/AttributeGraph
       0x1b55e3000 -        0x1b6d2c77f com.apple.SwiftUI (7.5.3) <90f7fa24-a280-3e8a-a62d-148b11bfc28d> /System/Library/Frameworks/SwiftUI.framework/Versions/A/SwiftUI
       0x180905000 -        0x180e6331f com.apple.CoreFoundation (6.9) <04e3598b-f226-3250-b3b2-ce938dd4db7e> /System/Library/Frameworks/CoreFoundation.framework/Versions/A/CoreFoundation
       0x182172000 -        0x18315441f com.apple.Foundation (6.9) <49dd529f-1708-3767-997b-1a4639a07536> /System/Library/Frameworks/Foundation.framework/Versions/C/Foundation
       0x184d77000 -        0x186499f9f com.apple.AppKit (6.9) <cf57a4fc-4be3-3d95-b543-d744e8718b26> /System/Library/Frameworks/AppKit.framework/Versions/C/AppKit
       0x188ba9000 -        0x188c1cc37 com.apple.AE (944) <0b347618-0bcf-3104-84b4-c0c0909e9c80> /System/Library/Frameworks/CoreServices.framework/Versions/A/Frameworks/AE.framework/Versions/A/AE
       0x18d6aa000 -        0x18d9a511f com.apple.HIToolbox (2.1.1) <8716490e-acc2-3688-8c2f-5ca42b4c9da9> /System/Library/Frameworks/Carbon.framework/Versions/A/Frameworks/HIToolbox.framework/Versions/A/HIToolbox
       0x1804e8000 -        0x18058e217 dyld (*) <a237ef81-b68b-37ba-a165-92c965529534> /usr/lib/dyld
               0x0 - 0xffffffffffffffff ??? (*) <00000000-0000-0000-0000-000000000000> ???
       0x180881000 -        0x1808be2af libsystem_kernel.dylib (*) <cc1cf985-bc65-3725-809f-4c1e36b8f4ba> /usr/lib/system/libsystem_kernel.dylib
       0x1808bf000 -        0x1808cbb3b libsystem_pthread.dylib (*) <4f33683c-18c8-39a1-800b-2e3bd43bcc13> /usr/lib/system/libsystem_pthread.dylib

External Modification Summary:
  Calls made by other processes targeting this process:
    task_for_pid: 0
    thread_create: 0
    thread_set_state: 0
  Calls made by this process:
    task_for_pid: 0
    thread_create: 0
    thread_set_state: 0
  Calls made by all processes on this machine:
    task_for_pid: 0
    thread_create: 0
    thread_set_state: 0

VM Region Summary:
ReadOnly portion of Libraries: Total=1.8G resident=0K(0%) swapped_out_or_unallocated=1.8G(100%)
Writable regions: Total=110.2M written=530K(0%) resident=530K(0%) swapped_out=0K(0%) unallocated=109.7M(100%)

                                VIRTUAL   REGION 
REGION TYPE                        SIZE    COUNT (non-coalesced) 
===========                     =======  ======= 
Activity Tracing                   256K        1 
AttributeGraph Data               1024K        1 
CoreGraphics                        16K        1 
CoreServices                      9472K        3 
Foundation                          16K        1 
Kernel Alloc Once                   32K        1 
MALLOC                            25.0M       14 
MALLOC guard page                 3504K        4 
Memory Tag 22                     64.0M        1 
STACK GUARD                       56.1M        5 
Stack                             10.1M        5 
VM_ALLOCATE                         48K        3 
__AUTH                            5964K      630 
__AUTH_CONST                      88.7M     1016 
__CTF                               824        1 
__DATA                            34.3M      967 
__DATA_CONST                      34.4M     1025 
__DATA_DIRTY                      8335K      869 
__FONT_DATA                        2352        1 
__LINKEDIT                       576.0M        4 
__OBJC_RO                         79.1M        1 
__OBJC_RW                         2599K        1 
__TEXT                             1.2G     1047 
__TPRO_CONST                       128K        2 
mapped file                      215.4M       21 
page table in kernel               530K        1 
shared memory                      864K       12 
===========                     =======  ======= 
TOTAL                              2.4G     5638 


-----------
Full Report
-----------

{"app_name":"BerryShot","timestamp":"2026-06-19 07:42:02.00 -0700","app_version":"1.1.1","slice_uuid":"2ec51743-9c4d-3f61-9bac-1f9c86c803c0","build_version":"2","platform":1,"bundleID":"com.tan.berryshot","share_with_app_devs":0,"is_first_party":0,"bug_type":"309","os_version":"macOS 26.5.1 (25F80)","roots_installed":0,"name":"BerryShot","incident_id":"7BB2CB36-2F58-4D42-ACE8-AF7E96F98947"}
{
  "uptime" : 2900,
  "procRole" : "Default",
  "version" : 2,
  "userID" : 501,
  "deployVersion" : 210,
  "modelCode" : "VirtualMac2,1",
  "coalitionID" : 1098,
  "osVersion" : {
    "train" : "macOS 26.5.1",
    "build" : "25F80",
    "releaseType" : "User"
  },
  "captureTime" : "2026-06-19 07:42:01.6077 -0700",
  "codeSigningMonitor" : 0,
  "incident" : "7BB2CB36-2F58-4D42-ACE8-AF7E96F98947",
  "pid" : 1286,
  "translated" : false,
  "cpuType" : "ARM-64",
  "procLaunch" : "2026-06-19 07:42:01.2836 -0700",
  "procStartAbsTime" : 70318498186,
  "procExitAbsTime" : 70326252797,
  "procName" : "BerryShot",
  "procPath" : "\/Applications\/BerryShot.app\/Contents\/MacOS\/BerryShot",
  "bundleInfo" : {"CFBundleShortVersionString":"1.1.1","CFBundleVersion":"2","CFBundleIdentifier":"com.tan.berryshot"},
  "storeInfo" : {"deviceIdentifierForVendor":"4F11CA5A-09F3-5B5B-8B0C-49AFF48173B5","thirdParty":true},
  "parentProc" : "launchd",
  "parentPid" : 1,
  "coalitionName" : "com.tan.berryshot",
  "crashReporterKey" : "0CE08C8F-1ED7-456E-BDBD-4C5F1F3D15D9",
  "appleIntelligenceStatus" : {"reasons":["countryBillingIneligible","selectedSiriLanguageIneligible","selectedSiriLanguageIneligibleInfo(und)","deviceNotCapable","countryLocationIneligible"],"state":"unavailable"},
  "developerMode" : 1,
  "codeSigningID" : "com.tan.berryshot",
  "codeSigningTeamID" : "WZ2Z528AM6",
  "codeSigningFlags" : 570503953,
  "codeSigningValidationCategory" : 6,
  "codeSigningTrustLevel" : 4294967295,
  "codeSigningAuxiliaryInfo" : 0,
  "instructionByteStream" : {"beforePC":"IAAg1MEF+LfpAwC54gMDquMDBKrkAwWq5QMGquYDB6rnAwiqrAIAlA==","atPC":"IAAg1CgAgFKJEoBS6BMAuekHAPlIAIBS6AMAOWAaALAAEDSRYxoAsA=="},
  "bootSessionUUID" : "274AE3FF-AE28-4D61-AB02-98DD75A4A48D",
  "sip" : "enabled",
  "exception" : {"codes":"0x0000000000000001, 0x00000001940e4cc8","rawCodes":[1,6778932424],"type":"EXC_BREAKPOINT","signal":"SIGTRAP"},
  "termination" : {"flags":0,"code":5,"namespace":"SIGNAL","indicator":"Trace\/BPT trap: 5","byProc":"exc handler","byPid":1286},
  "os_fault" : {"process":"BerryShot"},
  "extMods" : {"caller":{"thread_create":0,"thread_set_state":0,"task_for_pid":0},"system":{"thread_create":0,"thread_set_state":0,"task_for_pid":0},"targeted":{"thread_create":0,"thread_set_state":0,"task_for_pid":0},"warnings":0},
  "faultingThread" : 0,
  "threads" : [{"triggered":true,"id":26637,"threadState":{"x":[{"value":44037804104},{"value":8589934595},{"value":0},{"value":10},{"value":21441527936},{"value":19},{"value":32},{"value":18446726482597246976},{"value":18446744065119617024},{"value":0},{"value":148759529579266944},{"value":4503599627370496},{"value":1073237165344767},{"value":1055644983641088},{"value":16},{"value":61},{"value":8589934595},{"value":3},{"value":0},{"value":4611686062463901024},{"value":6089439424},{"value":13835058055282163766},{"value":10765140711972574941},{"value":4378374352},{"value":14987979559889010775},{"value":4378685440},{"value":4378685440},{"value":4378685440},{"value":4378639552,"symbolLocation":0,"symbol":"type metadata for MenuBarIconView"}],"flavor":"ARM_THREAD_STATE64","lr":{"value":6778932424},"cpsr":{"value":1610616832},"fp":{"value":6089439360},"sp":{"value":6089439232},"esr":{"value":4060086273,"description":"(Breakpoint) brk 1"},"pc":{"value":6778932424,"matchesCrashFrame":1},"far":{"value":0}},"queue":"com.apple.main-thread","frames":[{"imageOffset":1445064,"symbol":"_assertionFailure(_:_:file:line:flags:)","symbolLocation":172,"imageIndex":3},{"imageOffset":914168,"symbol":"closure #1 in variable initialization expression of static NSBundle.module","symbolLocation":612,"imageIndex":0},{"imageOffset":913540,"symbol":"one-time initialization function for module","symbolLocation":12,"imageIndex":0},{"imageOffset":111792,"symbol":"_dispatch_client_callout","symbolLocation":16,"imageIndex":4},{"imageOffset":17968,"symbol":"_dispatch_once_callout","symbolLocation":32,"imageIndex":4},{"imageOffset":197748,"symbol":"specialized MenuBarIconView.loadMenuBarIcon()","symbolLocation":1312,"imageIndex":0},{"imageOffset":191704,"symbol":"MenuBarIconView.body.getter","symbolLocation":28,"imageIndex":0},{"imageOffset":4102824,"symbol":"closure #1 in ViewBodyAccessor.updateBody(of:changed:)","symbolLocation":1152,"imageIndex":5},{"imageOffset":4101616,"symbol":"ViewBodyAccessor.updateBody(of:changed:)","symbolLocation":348,"imageIndex":5},{"imageOffset":4103168,"symbol":"protocol witness for BodyAccessor.updateBody(of:changed:) in conformance ViewBodyAccessor<A>","symbolLocation":16,"imageIndex":5},{"imageOffset":5524472,"symbol":"closure #1 in StaticBody.updateValue()","symbolLocation":500,"imageIndex":5},{"imageOffset":5523008,"symbol":"StaticBody.updateValue()","symbolLocation":836,"imageIndex":5},{"imageOffset":2423512,"symbol":"partial apply for implicit closure #1 in closure #1 in closure #1 in Attribute.init<A>(_:)","symbolLocation":32,"imageIndex":5},{"imageOffset":54148,"symbol":"AG::Graph::UpdateStack::update()","symbolLocation":496,"imageIndex":6},{"imageOffset":56044,"symbol":"AG::Graph::update_attribute(AG::data::ptr<AG::Node>, unsigned int)","symbolLocation":352,"imageIndex":6},{"imageOffset":88172,"symbol":"AG::Graph::input_value_ref_slow(AG::data::ptr<AG::Node>, AG::AttributeID, unsigned int, unsigned int, AGSwiftMetadata const*, unsigned char&, long)","symbolLocation":680,"imageIndex":6},{"imageOffset":187540,"symbol":"AGGraphGetValue","symbolLocation":232,"imageIndex":6},{"imageOffset":11104768,"symbol":"DynamicViewList.updateValue()","symbolLocation":576,"imageIndex":5},{"imageOffset":2423512,"symbol":"partial apply for implicit closure #1 in closure #1 in closure #1 in Attribute.init<A>(_:)","symbolLocation":32,"imageIndex":5},{"imageOffset":54148,"symbol":"AG::Graph::UpdateStack::update()","symbolLocation":496,"imageIndex":6},{"imageOffset":56044,"symbol":"AG::Graph::update_attribute(AG::data::ptr<AG::Node>, unsigned int)","symbolLocation":352,"imageIndex":6},{"imageOffset":88172,"symbol":"AG::Graph::input_value_ref_slow(AG::data::ptr<AG::Node>, AG::AttributeID, unsigned int, unsigned int, AGSwiftMetadata const*, unsigned char&, long)","symbolLocation":680,"imageIndex":6},{"imageOffset":187540,"symbol":"AGGraphGetValue","symbolLocation":232,"imageIndex":6},{"imageOffset":9311152,"symbol":"specialized DynamicContainerInfo.updateItems(disableTransitions:)","symbolLocation":96,"imageIndex":5},{"imageOffset":9306636,"symbol":"specialized DynamicContainerInfo.updateValue()","symbolLocation":452,"imageIndex":5},{"imageOffset":9502012,"symbol":"specialized implicit closure #1 in closure #1 in closure #1 in Attribute.init<A>(_:)","symbolLocation":24,"imageIndex":5},{"imageOffset":54148,"symbol":"AG::Graph::UpdateStack::update()","symbolLocation":496,"imageIndex":6},{"imageOffset":56044,"symbol":"AG::Graph::update_attribute(AG::data::ptr<AG::Node>, unsigned int)","symbolLocation":352,"imageIndex":6},{"imageOffset":88172,"symbol":"AG::Graph::input_value_ref_slow(AG::data::ptr<AG::Node>, AG::AttributeID, unsigned int, unsigned int, AGSwiftMetadata const*, unsigned char&, long)","symbolLocation":680,"imageIndex":6},{"imageOffset":187540,"symbol":"AGGraphGetValue","symbolLocation":232,"imageIndex":6},{"imageOffset":6163848,"symbol":"DynamicPreferenceCombiner.info.getter","symbolLocation":92,"imageIndex":5},{"imageOffset":6164176,"symbol":"DynamicPreferenceCombiner.value.getter","symbolLocation":220,"imageIndex":5},{"imageOffset":6227864,"symbol":"implicit closure #1 in closure #1 in closure #1 in Attribute.init<A>(_:)","symbolLocation":324,"imageIndex":5},{"imageOffset":54148,"symbol":"AG::Graph::UpdateStack::update()","symbolLocation":496,"imageIndex":6},{"imageOffset":56044,"symbol":"AG::Graph::update_attribute(AG::data::ptr<AG::Node>, unsigned int)","symbolLocation":352,"imageIndex":6},{"imageOffset":85768,"symbol":"AG::Graph::value_ref(AG::AttributeID, unsigned int, AGSwiftMetadata const*, unsigned char&)","symbolLocation":296,"imageIndex":6},{"imageOffset":188416,"symbol":"AGGraphGetWeakValue","symbolLocation":372,"imageIndex":6},{"imageOffset":15768780,"symbol":"PlatformItemListViewGraph.readAndUpdate(graph:)","symbolLocation":180,"imageIndex":7},{"imageOffset":15770512,"symbol":"closure #1 in ViewRendererHost.platformItemList.getter","symbolLocation":88,"imageIndex":7},{"imageOffset":13850192,"symbol":"closure #1 in ViewRendererHost.updateViewGraph<A>(body:)","symbolLocation":108,"imageIndex":5},{"imageOffset":13841656,"symbol":"ViewRendererHost.updateViewGraph<A>(body:)","symbolLocation":96,"imageIndex":5},{"imageOffset":7169852,"symbol":"MenuBarExtraController.init(id:configuration:)","symbolLocation":1548,"imageIndex":7},{"imageOffset":7163120,"symbol":"AppMenuBarExtrasController.makeMenuBarExtras(namespace:)","symbolLocation":824,"imageIndex":7},{"imageOffset":17784764,"symbol":"AppDelegate.applicationDidFinishLaunching(_:)","symbolLocation":760,"imageIndex":7},{"imageOffset":17790988,"symbol":"@objc AppDelegate.applicationWillFinishLaunching(_:)","symbolLocation":192,"imageIndex":7},{"imageOffset":469436,"symbol":"__CFNOTIFICATIONCENTER_IS_CALLING_OUT_TO_AN_OBSERVER__","symbolLocation":148,"imageIndex":8},{"imageOffset":1044620,"symbol":"___CFXRegistrationPost_block_invoke","symbolLocation":92,"imageIndex":8},{"imageOffset":1044432,"symbol":"_CFXRegistrationPost","symbolLocation":440,"imageIndex":8},{"imageOffset":267216,"symbol":"_CFXNotificationPost","symbolLocation":740,"imageIndex":8},{"imageOffset":38052,"symbol":"-[NSNotificationCenter postNotificationName:object:userInfo:]","symbolLocation":88,"imageIndex":9},{"imageOffset":267752,"symbol":"-[NSApplication _postDidFinishNotification]","symbolLocation":308,"imageIndex":10},{"imageOffset":267136,"symbol":"-[NSApplication _sendFinishLaunchingNotification]","symbolLocation":172,"imageIndex":10},{"imageOffset":260548,"symbol":"-[NSApplication(NSAppleEventHandling) _handleAEOpenEvent:]","symbolLocation":488,"imageIndex":10},{"imageOffset":259544,"symbol":"-[NSApplication(NSAppleEventHandling) _handleCoreEvent:withReplyEvent:]","symbolLocation":488,"imageIndex":10},{"imageOffset":204732,"symbol":"-[NSAppleEventManager dispatchRawAppleEvent:withRawReply:handlerRefCon:]","symbolLocation":316,"imageIndex":9},{"imageOffset":204212,"symbol":"_NSAppleEventManagerGenericHandler","symbolLocation":80,"imageIndex":9},{"imageOffset":44852,"imageIndex":11},{"imageOffset":43148,"imageIndex":11},{"imageOffset":16312,"symbol":"aeProcessAppleEvent","symbolLocation":484,"imageIndex":11},{"imageOffset":90948,"symbol":"AEProcessAppleEvent","symbolLocation":68,"imageIndex":12},{"imageOffset":234312,"symbol":"_DPSNextEvent","symbolLocation":1284,"imageIndex":10},{"imageOffset":12380336,"symbol":"-[NSApplication(NSEventRouting) _nextEventMatchingEventMask:untilDate:inMode:dequeue:]","symbolLocation":688,"imageIndex":10},{"imageOffset":12379580,"symbol":"-[NSApplication(NSEventRouting) nextEventMatchingMask:untilDate:inMode:dequeue:]","symbolLocation":72,"imageIndex":10},{"imageOffset":180540,"symbol":"-[NSApplication run]","symbolLocation":368,"imageIndex":10},{"imageOffset":18352,"symbol":"NSApplicationMain","symbolLocation":880,"imageIndex":10},{"imageOffset":1094780,"symbol":"specialized runApp(_:)","symbolLocation":140,"imageIndex":7},{"imageOffset":4986020,"symbol":"runApp<A>(_:)","symbolLocation":104,"imageIndex":7},{"imageOffset":7918404,"symbol":"static App.main()","symbolLocation":224,"imageIndex":7},{"imageOffset":193416,"symbol":"BerryShot_main","symbolLocation":64,"imageIndex":0},{"imageOffset":130560,"symbol":"start","symbolLocation":6992,"imageIndex":13}]},{"id":26638,"frames":[],"threadState":{"x":[{"value":6090010624},{"value":5635},{"value":6089474048},{"value":0},{"value":409604},{"value":18446744073709551615},{"value":0},{"value":0},{"value":0},{"value":0},{"value":0},{"value":0},{"value":0},{"value":0},{"value":0},{"value":0},{"value":0},{"value":0},{"value":0},{"value":0},{"value":0},{"value":0},{"value":0},{"value":0},{"value":0},{"value":0},{"value":0},{"value":0},{"value":0}],"flavor":"ARM_THREAD_STATE64","lr":{"value":0},"cpsr":{"value":4096},"fp":{"value":0},"sp":{"value":6090010624},"esr":{"value":1442840704,"description":"(Syscall)"},"pc":{"value":6451629064},"far":{"value":0}}},{"id":26639,"frames":[],"threadState":{"x":[{"value":6090584064},{"value":8963},{"value":6090047488},{"value":0},{"value":409603},{"value":18446744073709551615},{"value":0},{"value":0},{"value":0},{"value":0},{"value":0},{"value":0},{"value":0},{"value":0},{"value":0},{"value":0},{"value":0},{"value":0},{"value":0},{"value":0},{"value":0},{"value":0},{"value":0},{"value":0},{"value":0},{"value":0},{"value":0},{"value":0},{"value":0}],"flavor":"ARM_THREAD_STATE64","lr":{"value":0},"cpsr":{"value":4096},"fp":{"value":0},"sp":{"value":6090584064},"esr":{"value":1442840704,"description":"(Syscall)"},"pc":{"value":6451629064},"far":{"value":0}}},{"id":26640,"frames":[],"threadState":{"x":[{"value":6091157504},{"value":19971},{"value":6090620928},{"value":0},{"value":409604},{"value":18446744073709551615},{"value":0},{"value":0},{"value":0},{"value":0},{"value":0},{"value":0},{"value":0},{"value":0},{"value":0},{"value":0},{"value":0},{"value":0},{"value":0},{"value":0},{"value":0},{"value":0},{"value":0},{"value":0},{"value":0},{"value":0},{"value":0},{"value":0},{"value":0}],"flavor":"ARM_THREAD_STATE64","lr":{"value":0},"cpsr":{"value":4096},"fp":{"value":0},"sp":{"value":6091157504},"esr":{"value":1442840704,"description":"(Syscall)"},"pc":{"value":6451629064},"far":{"value":0}}},{"id":26641,"name":"com.apple.NSEventThread","threadState":{"x":[{"value":268451845},{"value":21592279046},{"value":8589934592},{"value":97869419773952},{"value":0},{"value":97869419773952},{"value":2},{"value":4294967295},{"value":0},{"value":17179869184},{"value":0},{"value":2},{"value":0},{"value":0},{"value":22787},{"value":0},{"value":18446744073709551569},{"value":8288483088},{"value":0},{"value":4294967295},{"value":2},{"value":97869419773952},{"value":0},{"value":97869419773952},{"value":21592279046},{"value":6091726984},{"value":8589934592},{"value":18446744073709550527},{"value":4412409862}],"flavor":"ARM_THREAD_STATE64","lr":{"value":6451447156},"cpsr":{"value":4096},"fp":{"value":6091726832},"sp":{"value":6091726752},"esr":{"value":1442840704,"description":"(Syscall)"},"pc":{"value":6451371060},"far":{"value":0}},"frames":[{"imageOffset":3124,"symbol":"mach_msg2_trap","symbolLocation":8,"imageIndex":15},{"imageOffset":79220,"symbol":"mach_msg2_internal","symbolLocation":76,"imageIndex":15},{"imageOffset":39360,"symbol":"mach_msg_overwrite","symbolLocation":480,"imageIndex":15},{"imageOffset":4032,"symbol":"mach_msg","symbolLocation":24,"imageIndex":15},{"imageOffset":516312,"symbol":"__CFRunLoopServiceMachPort","symbolLocation":160,"imageIndex":8},{"imageOffset":510404,"symbol":"__CFRunLoopRun","symbolLocation":1188,"imageIndex":8},{"imageOffset":1372612,"symbol":"_CFRunLoopRunSpecificWithOptions","symbolLocation":532,"imageIndex":8},{"imageOffset":1420412,"symbol":"_NSEventThread","symbolLocation":184,"imageIndex":10},{"imageOffset":27736,"symbol":"_pthread_start","symbolLocation":136,"imageIndex":16},{"imageOffset":7196,"symbol":"thread_start","symbolLocation":8,"imageIndex":16}]}],
  "usedImages" : [
  {
    "source" : "P",
    "arch" : "arm64",
    "base" : 4377427968,
    "CFBundleShortVersionString" : "1.1.1",
    "CFBundleIdentifier" : "com.tan.berryshot",
    "size" : 1196032,
    "uuid" : "2ec51743-9c4d-3f61-9bac-1f9c86c803c0",
    "path" : "\/Applications\/BerryShot.app\/Contents\/MacOS\/BerryShot",
    "name" : "BerryShot",
    "CFBundleVersion" : "2"
  },
  {
    "source" : "P",
    "arch" : "arm64e",
    "base" : 4384948224,
    "size" : 49152,
    "uuid" : "ca58aa96-b997-3a6d-9132-19d49be4b3e9",
    "path" : "\/usr\/lib\/libobjc-trampolines.dylib",
    "name" : "libobjc-trampolines.dylib"
  },
  {
    "source" : "P",
    "arch" : "arm64e",
    "base" : 4687003648,
    "CFBundleShortVersionString" : "64.4.7",
    "CFBundleIdentifier" : "com.apple.driver.AppleParavirtGPUMetalIOGPUFamily",
    "size" : 360448,
    "uuid" : "029d18f4-a75c-3369-8f5e-65679bf917b7",
    "path" : "\/System\/Library\/Extensions\/AppleParavirtGPUMetalIOGPUFamily.bundle\/Contents\/MacOS\/AppleParavirtGPUMetalIOGPUFamily",
    "name" : "AppleParavirtGPUMetalIOGPUFamily",
    "CFBundleVersion" : "64.4.7"
  },
  {
    "source" : "P",
    "arch" : "arm64e",
    "base" : 6777487360,
    "size" : 5904320,
    "uuid" : "7669d858-d332-36c7-9c6c-4564ffbea8d2",
    "path" : "\/usr\/lib\/swift\/libswiftCore.dylib",
    "name" : "libswiftCore.dylib"
  },
  {
    "source" : "P",
    "arch" : "arm64e",
    "base" : 6449827840,
    "size" : 291392,
    "uuid" : "f071efe4-299f-3089-acc4-0025b8ffb52a",
    "path" : "\/usr\/lib\/system\/libdispatch.dylib",
    "name" : "libdispatch.dylib"
  },
  {
    "source" : "P",
    "arch" : "arm64e",
    "base" : 9349885952,
    "CFBundleShortVersionString" : "7.5.3",
    "CFBundleIdentifier" : "com.apple.SwiftUICore",
    "size" : 16107808,
    "uuid" : "a8fc6d2d-dfe9-3557-a734-7f2b231f8c97",
    "path" : "\/System\/Library\/Frameworks\/SwiftUICore.framework\/Versions\/A\/SwiftUICore",
    "name" : "SwiftUICore",
    "CFBundleVersion" : "7.5.3"
  },
  {
    "source" : "P",
    "arch" : "arm64e",
    "base" : 7362236416,
    "CFBundleShortVersionString" : "7.0.80",
    "CFBundleIdentifier" : "com.apple.AttributeGraph",
    "size" : 282880,
    "uuid" : "99647a0f-5b58-3e14-b260-9a6f14ad5fc0",
    "path" : "\/System\/Library\/PrivateFrameworks\/AttributeGraph.framework\/Versions\/A\/AttributeGraph",
    "name" : "AttributeGraph",
    "CFBundleVersion" : "7.0.80"
  },
  {
    "source" : "P",
    "arch" : "arm64e",
    "base" : 7337816064,
    "CFBundleShortVersionString" : "7.5.3",
    "CFBundleIdentifier" : "com.apple.SwiftUI",
    "size" : 24418176,
    "uuid" : "90f7fa24-a280-3e8a-a62d-148b11bfc28d",
    "path" : "\/System\/Library\/Frameworks\/SwiftUI.framework\/Versions\/A\/SwiftUI",
    "name" : "SwiftUI",
    "CFBundleVersion" : "7.5.3"
  },
  {
    "source" : "P",
    "arch" : "arm64e",
    "base" : 6451908608,
    "CFBundleShortVersionString" : "6.9",
    "CFBundleIdentifier" : "com.apple.CoreFoundation",
    "size" : 5628704,
    "uuid" : "04e3598b-f226-3250-b3b2-ce938dd4db7e",
    "path" : "\/System\/Library\/Frameworks\/CoreFoundation.framework\/Versions\/A\/CoreFoundation",
    "name" : "CoreFoundation",
    "CFBundleVersion" : "5026.5.4"
  },
  {
    "source" : "P",
    "arch" : "arm64e",
    "base" : 6477520896,
    "CFBundleShortVersionString" : "6.9",
    "CFBundleIdentifier" : "com.apple.Foundation",
    "size" : 16655392,
    "uuid" : "49dd529f-1708-3767-997b-1a4639a07536",
    "path" : "\/System\/Library\/Frameworks\/Foundation.framework\/Versions\/C\/Foundation",
    "name" : "Foundation",
    "CFBundleVersion" : "5026.5.4"
  },
  {
    "source" : "P",
    "arch" : "arm64e",
    "base" : 6523678720,
    "CFBundleShortVersionString" : "6.9",
    "CFBundleIdentifier" : "com.apple.AppKit",
    "size" : 24260512,
    "uuid" : "cf57a4fc-4be3-3d95-b543-d744e8718b26",
    "path" : "\/System\/Library\/Frameworks\/AppKit.framework\/Versions\/C\/AppKit",
    "name" : "AppKit",
    "CFBundleVersion" : "2685.60.104"
  },
  {
    "source" : "P",
    "arch" : "arm64e",
    "base" : 6588895232,
    "CFBundleShortVersionString" : "944",
    "CFBundleIdentifier" : "com.apple.AE",
    "size" : 474168,
    "uuid" : "0b347618-0bcf-3104-84b4-c0c0909e9c80",
    "path" : "\/System\/Library\/Frameworks\/CoreServices.framework\/Versions\/A\/Frameworks\/AE.framework\/Versions\/A\/AE",
    "name" : "AE",
    "CFBundleVersion" : "944"
  },
  {
    "source" : "P",
    "arch" : "arm64e",
    "base" : 6667542528,
    "CFBundleShortVersionString" : "2.1.1",
    "CFBundleIdentifier" : "com.apple.HIToolbox",
    "size" : 3125536,
    "uuid" : "8716490e-acc2-3688-8c2f-5ca42b4c9da9",
    "path" : "\/System\/Library\/Frameworks\/Carbon.framework\/Versions\/A\/Frameworks\/HIToolbox.framework\/Versions\/A\/HIToolbox",
    "name" : "HIToolbox"
  },
  {
    "source" : "P",
    "arch" : "arm64e",
    "base" : 6447595520,
    "size" : 680472,
    "uuid" : "a237ef81-b68b-37ba-a165-92c965529534",
    "path" : "\/usr\/lib\/dyld",
    "name" : "dyld"
  },
  {
    "size" : 0,
    "source" : "A",
    "base" : 0,
    "uuid" : "00000000-0000-0000-0000-000000000000"
  },
  {
    "source" : "P",
    "arch" : "arm64e",
    "base" : 6451367936,
    "size" : 250544,
    "uuid" : "cc1cf985-bc65-3725-809f-4c1e36b8f4ba",
    "path" : "\/usr\/lib\/system\/libsystem_kernel.dylib",
    "name" : "libsystem_kernel.dylib"
  },
  {
    "source" : "P",
    "arch" : "arm64e",
    "base" : 6451621888,
    "size" : 52028,
    "uuid" : "4f33683c-18c8-39a1-800b-2e3bd43bcc13",
    "path" : "\/usr\/lib\/system\/libsystem_pthread.dylib",
    "name" : "libsystem_pthread.dylib"
  }
],
  "sharedCache" : {
  "base" : 6446465024,
  "size" : 5990596608,
  "uuid" : "ff7119a7-f64d-305d-8135-7e6eb1c207d1"
},
  "vmSummary" : "ReadOnly portion of Libraries: Total=1.8G resident=0K(0%) swapped_out_or_unallocated=1.8G(100%)\nWritable regions: Total=110.2M written=530K(0%) resident=530K(0%) swapped_out=0K(0%) unallocated=109.7M(100%)\n\n                                VIRTUAL   REGION \nREGION TYPE                        SIZE    COUNT (non-coalesced) \n===========                     =======  ======= \nActivity Tracing                   256K        1 \nAttributeGraph Data               1024K        1 \nCoreGraphics                        16K        1 \nCoreServices                      9472K        3 \nFoundation                          16K        1 \nKernel Alloc Once                   32K        1 \nMALLOC                            25.0M       14 \nMALLOC guard page                 3504K        4 \nMemory Tag 22                     64.0M        1 \nSTACK GUARD                       56.1M        5 \nStack                             10.1M        5 \nVM_ALLOCATE                         48K        3 \n__AUTH                            5964K      630 \n__AUTH_CONST                      88.7M     1016 \n__CTF                               824        1 \n__DATA                            34.3M      967 \n__DATA_CONST                      34.4M     1025 \n__DATA_DIRTY                      8335K      869 \n__FONT_DATA                        2352        1 \n__LINKEDIT                       576.0M        4 \n__OBJC_RO                         79.1M        1 \n__OBJC_RW                         2599K        1 \n__TEXT                             1.2G     1047 \n__TPRO_CONST                       128K        2 \nmapped file                      215.4M       21 \npage table in kernel               530K        1 \nshared memory                      864K       12 \n===========                     =======  ======= \nTOTAL                              2.4G     5638 \n",
  "legacyInfo" : {
  "threadTriggered" : {
    "queue" : "com.apple.main-thread"
  }
},
  "logWritingSignature" : "172f47c960818c870b2d9898940b1fd60ce6f8da",
  "bug_type" : "309",
  "roots_installed" : 0,
  "trmStatus" : 2105344,
  "trialInfo" : {
  "rollouts" : [

  ],
  "experiments" : [

  ]
}
}


